Microchip MPLAB XC8 Compiler V2.50

Linker command line:

-W-3 \
  --edf=C:\Program Files\Microchip\xc8\v2.50\pic\dat\20240725155939_en.msgs \
  -cn -h+dist/default/production\firmware_PIC18F4550.X.production.sym \
  --cmf=dist/default/production\firmware_PIC18F4550.X.production.cmf -z \
  -Q18F4550 -oC:\Users\vitor\AppData\Local\Temp\xcAsdmk.\driver_tmp_3.o \
  --defsym=__MPLAB_BUILD=1 --fixupoverflow=error \
  -Mdist/default/production/firmware_PIC18F4550.X.production.map \
  --md=C:\Users\vitor\AppData\Local\Temp\xcAsdmk.\driver_tmp_0.dat -E1 \
  -ver=XC8 Compiler --acfsm=1493 -ACODE=00h-07FFFh -ACONST=00h-07FFFh \
  -ASMALLCONST=0800h-08FFhx120 -AMEDIUMCONST=0800h-07FFFh -ACOMRAM=01h-05Fh \
  -AABS1=00h-07FFh -ABIGRAM=01h-07FFh -ARAM=060h-0FFh,0100h-01FFhx7 \
  -ABANK0=060h-0FFh -ABANK1=0100h-01FFh -ABANK2=0200h-02FFh \
  -ABANK3=0300h-03FFh -ABANK4=0400h-04FFh -ABANK5=0500h-05FFh \
  -ABANK6=0600h-06FFh -ABANK7=0700h-07FFh -ASFR=0F60h-0FFFh \
  -ABIGSFR=0F60h-0FFFh -ACONFIG=0300000h-030000Dh -AIDLOC=0200000h-0200007h \
  -AEEDATA=0F00000h-0F000FFh -peeprom_data=EEDATA \
  -preset_vec=00h,intcode=8h,intcodelo=18h,powerup,init -pramtop=0800h \
  -psmallconst=SMALLCONST -pmediumconst=MEDIUMCONST -pconst=CONST \
  -AFARRAM=00h-00h \
  -prdata=COMRAM,nvrram=COMRAM,nvbit=COMRAM,rbss=COMRAM,rbit=COMRAM \
  -pfarbss=FARRAM,fardata=FARRAM,nvFARRAM=FARRAM \
  -pintsave_regs=BIGRAM,bigbss=BIGRAM,bigdata=BIGRAM -pbss=RAM \
  -pidata=CODE,irdata=CODE,ibigdata=CODE,ifardata=CODE -prparam=COMRAM \
  C:\Users\vitor\AppData\Local\Temp\xcAsdmk.\driver_tmp_14.o \
  dist/default/production\firmware_PIC18F4550.X.production.o 

Object code version is 3.11

Machine type is 18F4550



                Name                               Link     Load   Length Selector   Space Scale
C:\Users\vitor\AppData\Local\Temp\xcAsdmk.\driver_tmp_14.o
                config                           300000   300000        E        0       4
                init                                 98       98        4        C       0
                reset_vec                             0        0        4        0       0
dist/default/production\firmware_PIC18F4550.X.production.o
                intcodelo                            18       18       80        C       0
                intcode                               8        8        6        4       0
                config                           300000   300000        E        0       4
                temp                                 5F       5F        1        1       1
                mediumconst                        6B48     6B48     14B8     35A4       0
                text77                             4D80     4D80       26     24FF       0
                text76                             4704     4704       66        C       0
                text75                             43DA     43DA       90        C       0
                text74                             4C8C     4C8C       2C     24FF       0
                text73                             4D32     4D32       28     24FF       0
                text72                             2420     2420      390        C       0
                text71                             3320     3320      1B4        C       0
                text70                             37DA     37DA      152        C       0
                intcode_body                       4910     4910       52        C       0
                text67                             4D0A     4D0A       28     24FF       0
                text66                             4634     4634       6A        C       0
                text65                             42B2     42B2       98        C       0
                text64                             4C60     4C60       2C     24FF       0
                text63                             4CE2     4CE2       28     24FF       0
                text62                             208E     208E      392        C       0
                text61                             3168     3168      1B8        C       0
                text60                             367C     367C      15E        C       0
                text59                             4D5A     4D5A       26     24FF       0
                text58                             4EAE     4EAE       16     24FF       0
                text57                             4E98     4E98       16     24FF       0
                text56                             4EEC     4EEC       14     24FF       0
                text55                             4ED8     4ED8       14     24FF       0
                text54                             4EC4     4EC4       14     24FF       0
                text53                             4E62     4E62       1C     24FF       0
                text52                             4BFA     4BFA       36     24FF       0
                text51                             47C2     47C2       58        C       0
                text50                             4AD2     4AD2       44     24FF       0
                text49                             4C30     4C30       30     24FF       0
                text48                             44E0     44E0       76        C       0
                text47                             4A8E     4A8E       44     24FF       0
                text46                             4B8A     4B8A       3A     24FF       0
                text45                             4DE8     4DE8       20     24FF       0
                text44                             4DA6     4DA6       22     24FF       0
                text43                             434A     434A       90        C       0
                text42                             3FF2     3FF2       C0        C       0
                text41                             3F2E     3F2E       C4        C       0
                text40                             4F04     4F04        4     24FF       0
                text39                             4F00     4F00        4     24FF       0
                text38                             2FAA     2FAA      1BE        C       0
                text37                             4BC4     4BC4       36     24FF       0
                text36                             2ACE     2ACE      2C6        C       0
                text35                             45C8     45C8       6C        C       0
                text34                             1422     1422      444        C       0
                text33                             48BE     48BE       52        C       0
                text32                             3D66     3D66       FC        C       0
                text31                             4CB8     4CB8       2A     24FF       0
                text30                             4E7E     4E7E       1A     24FF       0
                text29                             4DC8     4DC8       20     24FF       0
                text28                             4E44     4E44       1E     24FF       0
                text27                             4E26     4E26       1E     24FF       0
                text26                             4E08     4E08       1E     24FF       0
                text25                             4162     4162       AC        C       0
                text24                             3B60     3B60      106        C       0
                text23                             1866     1866      428        C       0
                text22                             4B50     4B50       3A     24FF       0
                text21                              B02      B02      4B8        C       0
                text20                             4A46     4A46       48     24FF       0
                text19                             3A58     3A58      108        C       0
                text18                             3C66     3C66      100        C       0
                text17                             2D94     2D94      216        C       0
                text16                             476A     476A       58        C       0
                text15                             486C     486C       52        C       0
                text14                             4F08     4F08        2     24FF       0
                text13                             3E62     3E62       CC        C       0
                text12                             49FE     49FE       48     24FF       0
                text11                             420E     420E       A4        C       0
                text10                             4B16     4B16       3A     24FF       0
                text9                                9C       9C      A66        C       0
                text8                              40B2     40B2       B0        C       0
                text7                              34D4     34D4      1A8        C       0
                text6                              446A     446A       76        C       0
                text5                              469E     469E       66        C       0
                text4                              392C     392C      12C        C       0
                text3                               FBA      FBA      468        C       0
                text2                              4962     4962       4E        C       0
                text1                              481A     481A       52        C       0
                text0                              27B0     27B0      31E        C       0
                cstackCOMRAM                          1        1       49        1       1
                cstackBANK0                          60       60       9A       60       1
                cstackBANK1                         1C8      1C8       17      100       1
                dataBIGRAM                          1DF      1DF      400      1DF       1
                dataBANK1                           17B      17B       4D      100       1
                bssBANK1                            100      100       7B      100       1
                bssBANK0                             FA       FA        3       60       1
                bssCOMRAM                            4A       4A       15        1       1
                cinit                              4556     4556       72        C       0
                idataBANK1                         49B0     49B0       4D        C       0
                idataBIGRAM                        1C8E     1C8E      400        C       0

TOTAL           Name                               Link     Load   Length     Space
        CLASS   CODE           
                intcodelo                            18       18       80         0
                intcode                               8        8        6         0
                init                                 98       98        4         0
                reset_vec                             0        0        4         0
                text77                             4D80     4D80       26         0
                text76                             4704     4704       66         0
                text75                             43DA     43DA       90         0
                text74                             4C8C     4C8C       2C         0
                text73                             4D32     4D32       28         0
                text72                             2420     2420      390         0
                text71                             3320     3320      1B4         0
                text70                             37DA     37DA      152         0
                intcode_body                       4910     4910       52         0
                text67                             4D0A     4D0A       28         0
                text66                             4634     4634       6A         0
                text65                             42B2     42B2       98         0
                text64                             4C60     4C60       2C         0
                text63                             4CE2     4CE2       28         0
                text62                             208E     208E      392         0
                text61                             3168     3168      1B8         0
                text60                             367C     367C      15E         0
                text59                             4D5A     4D5A       26         0
                text58                             4EAE     4EAE       16         0
                text57                             4E98     4E98       16         0
                text56                             4EEC     4EEC       14         0
                text55                             4ED8     4ED8       14         0
                text54                             4EC4     4EC4       14         0
                text53                             4E62     4E62       1C         0
                text52                             4BFA     4BFA       36         0
                text51                             47C2     47C2       58         0
                text50                             4AD2     4AD2       44         0
                text49                             4C30     4C30       30         0
                text48                             44E0     44E0       76         0
                text47                             4A8E     4A8E       44         0
                text46                             4B8A     4B8A       3A         0
                text45                             4DE8     4DE8       20         0
                text44                             4DA6     4DA6       22         0
                text43                             434A     434A       90         0
                text42                             3FF2     3FF2       C0         0
                text41                             3F2E     3F2E       C4         0
                text40                             4F04     4F04        4         0
                text39                             4F00     4F00        4         0
                text38                             2FAA     2FAA      1BE         0
                text37                             4BC4     4BC4       36         0
                text36                             2ACE     2ACE      2C6         0
                text35                             45C8     45C8       6C         0
                text34                             1422     1422      444         0
                text33                             48BE     48BE       52         0
                text32                             3D66     3D66       FC         0
                text31                             4CB8     4CB8       2A         0
                text30                             4E7E     4E7E       1A         0
                text29                             4DC8     4DC8       20         0
                text28                             4E44     4E44       1E         0
                text27                             4E26     4E26       1E         0
                text26                             4E08     4E08       1E         0
                text25                             4162     4162       AC         0
                text24                             3B60     3B60      106         0
                text23                             1866     1866      428         0
                text22                             4B50     4B50       3A         0
                text21                              B02      B02      4B8         0
                text20                             4A46     4A46       48         0
                text19                             3A58     3A58      108         0
                text18                             3C66     3C66      100         0
                text17                             2D94     2D94      216         0
                text16                             476A     476A       58         0
                text15                             486C     486C       52         0
                text14                             4F08     4F08        2         0
                text13                             3E62     3E62       CC         0
                text12                             49FE     49FE       48         0
                text11                             420E     420E       A4         0
                text10                             4B16     4B16       3A         0
                text9                                9C       9C      A66         0
                text8                              40B2     40B2       B0         0
                text7                              34D4     34D4      1A8         0
                text6                              446A     446A       76         0
                text5                              469E     469E       66         0
                text4                              392C     392C      12C         0
                text3                               FBA      FBA      468         0
                text2                              4962     4962       4E         0
                text1                              481A     481A       52         0
                text0                              27B0     27B0      31E         0
                cinit                              4556     4556       72         0
                idataBANK1                         49B0     49B0       4D         0
                idataBIGRAM                        1C8E     1C8E      400         0

        CLASS   CONST          

        CLASS   SMALLCONST     

        CLASS   MEDIUMCONST    
                mediumconst                        6B48     6B48     14B8         0

        CLASS   COMRAM         
                temp                                 5F       5F        1         1
                cstackCOMRAM                          1        1       49         1
                bssCOMRAM                            4A       4A       15         1

        CLASS   ABS1           

        CLASS   BIGRAM         
                dataBIGRAM                          1DF      1DF      400         1

        CLASS   RAM            

        CLASS   BANK0          
                cstackBANK0                          60       60       9A         1
                bssBANK0                             FA       FA        3         1

        CLASS   BANK1          
                cstackBANK1                         1C8      1C8       17         1
                dataBANK1                           17B      17B       4D         1
                bssBANK1                            100      100       7B         1

        CLASS   BANK2          

        CLASS   BANK3          

        CLASS   BANK4          

        CLASS   BANK5          

        CLASS   BANK6          

        CLASS   BANK7          

        CLASS   SFR            

        CLASS   BIGSFR         

        CLASS   CONFIG         
                config                           300000   300000        E         4

        CLASS   IDLOC          

        CLASS   EEDATA         

        CLASS   FARRAM         

        CLASS   HEAP           

        CLASS   STACK          



SEGMENTS        Name                           Load    Length   Top    Selector   Space  Class

                reset_vec                      000000  000004  000004         0       0  CODE    
                cstackCOMRAM                   000001  00005F  000060         1       1  COMRAM  
                intcode                        000008  000006  00000E         4       0  CODE    
                intcodelo                      000018  0049E5  0049FD         C       0  CODE    
                cstackBANK0                    000060  00009D  0000FD        60       1  BANK0   
                bssBANK1                       000100  0000DF  0001DF       100       1  BANK1   
                dataBIGRAM                     0001DF  000400  0005DF       1DF       1  BIGRAM  
                text12                         0049FE  00050C  004F0A      24FF       0  CODE    
                mediumconst                    006B48  0014B8  008000      35A4       0  MEDIUMCO


UNUSED ADDRESS RANGES

        Name                Unused          Largest block    Delta
        BANK0            0000FD-0000FF                3
        BANK5            0005DF-0005FF               21
        BANK6            000600-0006FF              100
        BANK7            000700-0007FF              100
        BIGRAM           0000FD-0000FF                3
                         0005DF-0007FF              221
        BIGSFR           000F60-000FFF               A0
        CODE             000004-000007                4
                         00000E-000017                A
                         0049FD-0049FD                1
                         004F0A-006B47             1C3E
        CONST            000004-000007                4
                         00000E-000017                A
                         0049FD-0049FD                1
                         004F0A-006B47             1C3E
        EEDATA           F00000-F000FF              100
        IDLOC            200000-200007                8
        MEDIUMCONST      0049FD-0049FD                1
                         004F0A-006B47             1C3E
        RAM              0000FD-0000FF                3
                         0005DF-0007FF              100
        SFR              000F60-000FFF               A0
        SMALLCONST       0049FD-0049FD                1
                         004F0A-006B47              100

                                  Symbol Table

?_DHT11_Join_Data             cstackBANK0  000069
?_DHT11_Read_Byte             cstackBANK0  000063
?_DHT11_Read_Data             cstackBANK0  000098
?___awdiv                     cstackBANK0  000063
?___fladd                     cstackBANK0  000063
?___fldiv                     cstackBANK0  00007F
?___flmul                     cstackBANK0  000063
?___flneg                     cstackBANK0  000063
?___flsub                     cstackBANK0  00007C
?___fltol                     cstackBANK0  000063
?___fpclassifyf               cstackBANK0  000063
?___lwdiv                     cstackBANK0  000063
?___lwmod                     cstackBANK0  000063
?___wmul                      cstackBANK0  000063
?___xxtofl                    cstackBANK0  000071
?_abs                         cstackBANK0  000063
?_floorf                      cstackBANK0  000098
?_labs                        cstackBANK0  000063
?_read_prec_or_width          cstackBANK0  000063
?_sprintf                     cstackBANK1  0001C8
?_strlen                      cstackBANK0  000063
?_vfprintf                    cstackBANK0  0000F0
?i2_DHT11_Join_Data           cstackCOMRAM 000007
?i2_DHT11_Read_Byte           cstackCOMRAM 000001
?i2_DHT11_Read_Data           cstackCOMRAM 000036
?i2___fldiv                   cstackCOMRAM 00001D
?i2___wmul                    cstackCOMRAM 000001
?i2___xxtofl                  cstackCOMRAM 00000F
DHT11_Join_Data@h             cstackBANK0  000069
DHT11_Join_Data@l             cstackBANK0  00006B
DHT11_Join_Data@pow           cstackBANK0  00006F
DHT11_Read_Byte@data          cstackBANK0  000069
DHT11_Read_Byte@i             cstackBANK0  000067
DHT11_Read_Data@hum           cstackBANK0  000099
DHT11_Read_Data@info          cstackBANK0  00009E
DHT11_Read_Data@tem           cstackBANK0  000098
DHT11_Read_Data@temp          cstackBANK0  00009C
DS3231_Bcd_Bin@bcd_value      cstackBANK0  000064
DS3231_Bcd_Bin@temp           cstackBANK0  000065
DS3231_Bin_Bcd@binary_value   cstackBANK0  000063
DS3231_Bin_Bcd@retval         cstackBANK0  000064
DS3231_Bin_Bcd@temp           cstackBANK0  000065
DS3231_Get_Date@day           cstackBANK0  000066
DS3231_Get_Date@dow           cstackBANK0  000069
DS3231_Get_Date@mth           cstackBANK0  000067
DS3231_Get_Date@year          cstackBANK0  000068
DS3231_Get_Time@hr            cstackBANK0  000066
DS3231_Get_Time@min           cstackBANK0  000067
DS3231_Get_Time@sec           cstackBANK0  000068
DS3231_Read@data              cstackBANK0  000065
DS3231_Read@reg               cstackBANK0  000064
DS3231_Set_Date_Time@dw       cstackBANK0  000068
DS3231_Set_Date_Time@dy       cstackBANK0  00006C
DS3231_Set_Date_Time@hr       cstackBANK0  000069
DS3231_Set_Date_Time@mn       cstackBANK0  00006A
DS3231_Set_Date_Time@mth      cstackBANK0  000066
DS3231_Set_Date_Time@sc       cstackBANK0  00006B
DS3231_Set_Date_Time@yr       cstackBANK0  000067
I2C_Init_Master@sp_i2c        cstackBANK0  000063
I2C_Write@data                cstackBANK0  000063
OLED_DrawPixel@color          cstackBANK0  00006F
OLED_DrawPixel@x              cstackBANK0  00006B
OLED_DrawPixel@y              cstackBANK0  00006D
OLED_Line@P                   cstackBANK0  00008C
OLED_Line@addx                cstackBANK0  000090
OLED_Line@addy                cstackBANK0  000092
OLED_Line@color               cstackBANK0  00007D
OLED_Line@dx                  cstackBANK0  000094
OLED_Line@dy                  cstackBANK0  000096
OLED_Line@i                   cstackBANK0  00008A
OLED_Line@x                   cstackBANK0  000086
OLED_Line@x_end               cstackBANK0  000079
OLED_Line@x_start             cstackBANK0  000075
OLED_Line@y                   cstackBANK0  000088
OLED_Line@y_end               cstackBANK0  00007B
OLED_Line@y_start             cstackBANK0  000077
OLED_SetFont@font             cstackBANK0  000063
OLED_Update@i                 cstackBANK0  000066
OLED_Update@x                 cstackBANK0  000065
OLED_Write@b                  cstackBANK0  000092
OLED_Write@cbit               cstackBANK0  000086
OLED_Write@cbyte              cstackBANK0  000084
OLED_Write@cnt                cstackBANK0  000090
OLED_Write@cx                 cstackBANK0  00008A
OLED_Write@cy                 cstackBANK0  00008C
OLED_Write@font_idx           cstackBANK0  000088
OLED_Write@rowcnt             cstackBANK0  00008E
OLED_Write@temp               cstackBANK0  000082
OLED_Write@value              cstackBANK0  000079
OLED_Write@x                  cstackBANK0  000075
OLED_Write@y                  cstackBANK0  000077
OLED_Write_Text@cnt           cstackBANK0  00009B
OLED_Write_Text@length        cstackBANK0  00009C
OLED_Write_Text@text          cstackBANK0  000097
OLED_Write_Text@x             cstackBANK0  000093
OLED_Write_Text@y             cstackBANK0  000095
Servo_1_Write@ang             cstackBANK0  00006B
_DHT11_Join_Data              text66       004634
_DHT11_Read_Byte              text65       0042B2
_DHT11_Read_Data              text60       00367C
_DHT11_Response               text64       004C60
_DHT11_Start                  text63       004CE2
_DS3231_Bcd_Bin               text59       004D5A
_DS3231_Bin_Bcd               text49       004C30
_DS3231_Get_Date              text51       0047C2
_DS3231_Get_Time              text50       004AD2
_DS3231_Read                  text52       004BFA
_DS3231_Set_Date_Time         text48       0044E0
_FONTE_DATA                   mediumconst  007D21
_FONT_1                       mediumconst  007D59
_FONT_2                       mediumconst  00772D
_FONT_3                       mediumconst  006B49
_High_ISR                     intcodelo    000018
_I2C_Init_Master              text47       004A8E
_I2C_Nack                     text58       004EAE
_I2C_Read                     text57       004E98
_I2C_Restart                  text56       004EEC
_I2C_Start                    text55       004ED8
_I2C_Stop                     text54       004EC4
_I2C_Write                    text53       004E62
_INTCON2bits                  (abs)        000FF1
_INTCONbits                   (abs)        000FF2
_IPR1bits                     (abs)        000F9F
_LATBbits                     (abs)        000F8A
_LATDbits                     (abs)        000F8C
_Low_ISR                      intcode      000008
_OLED_ClearDisplay            text45       004DE8
_OLED_DrawPixel               text38       002FAA
_OLED_Init                    text42       003FF2
_OLED_Line                    text36       002ACE
_OLED_SetFont                 text35       0045C8
_OLED_Update                  text43       00434A
_OLED_Write                   text34       001422
_OLED_Write_Text              text32       003D66
_PIE1bits                     (abs)        000F9D
_PIR1bits                     (abs)        000F9E
_PORTBbits                    (abs)        000F81
_RCONbits                     (abs)        000FD0
_SSPADD                       (abs)        000FC8
_SSPBUF                       (abs)        000FC9
_SSPCON1                      (abs)        000FC6
_SSPCON2                      (abs)        000FC5
_SSPCON2bits                  (abs)        000FC5
_SSPSTAT                      (abs)        000FC7
_Servo_1_Write                text31       004CB8
_Servo_Init                   text30       004E7E
_T0CON                        (abs)        000FD5
_T0CONbits                    (abs)        000FD5
_T1CON                        (abs)        000FCD
_T1CONbits                    (abs)        000FCD
_TMR0                         (abs)        000FD6
_TMR1                         (abs)        000FCE
_TRISBbits                    (abs)        000F93
_TRISDbits                    (abs)        000F95
__HRAM                        (abs)        000000
__H__absolute__               __absolute__ 000000
__Habs1                       abs1         000000
__Hbank0                      bank0        000000
__Hbank1                      bank1        000000
__Hbank2                      bank2        000000
__Hbank3                      bank3        000000
__Hbank4                      bank4        000000
__Hbank5                      bank5        000000
__Hbank6                      bank6        000000
__Hbank7                      bank7        000000
__Hbigbss                     bigbss       000000
__Hbigdata                    bigdata      000000
__Hbigram                     bigram       000000
__Hbigsfr                     bigsfr       000000
__Hbss                        bss          000000
__HbssBANK0                   bssBANK0     000000
__HbssBANK1                   bssBANK1     000000
__HbssCOMRAM                  bssCOMRAM    000000
__Hcinit                      cinit        000000
__Hclrtext                    clrtext      000000
__Hcomram                     comram       000000
__Hconfig                     config       30000E
__Hconst                      const        000000
__HcstackBANK0                cstackBANK0  000000
__HcstackBANK1                cstackBANK1  000000
__HcstackCOMRAM               cstackCOMRAM 000000
__Hdata                       data         000000
__HdataBANK1                  dataBANK1    000000
__HdataBIGRAM                 dataBIGRAM   000000
__Heeprom_data                eeprom_data  000000
__Hfarbss                     farbss       000000
__Hfardata                    fardata      000000
__Hheap                       heap         000000
__Hibigdata                   ibigdata     000000
__Hidata                      idata        000000
__HidataBANK1                 idataBANK1   000000
__HidataBIGRAM                idataBIGRAM  000000
__Hidloc                      idloc        000000
__Hifardata                   ifardata     000000
__Hinit                       init         00009C
__Hintcode                    intcode      00000E
__Hintcode_body               intcode_body 000000
__Hintcodelo                  intcodelo    000098
__Hintentry                   intentry     000000
__Hintret                     intret       000000
__Hintsave_regs               intsave_regs 000000
__Hirdata                     irdata       000000
__Hmediumconst                mediumconst  008000
__HnvFARRAM                   nvFARRAM     000000
__Hnvbit                      nvbit        000000
__Hnvrram                     nvrram       000000
__Hparam                      rparam       000000
__Hpowerup                    powerup      000098
__Hram                        ram          000000
__Hramtop                     ramtop       000800
__Hrbit                       rbit         000000
__Hrbss                       rbss         000000
__Hrdata                      rdata        000000
__Hreset_vec                  reset_vec    000004
__Hrparam                     rparam       000000
__Hsfr                        sfr          000000
__Hsivt_hi                    sivt_hi      000000
__Hsivt_lo                    sivt_lo      000000
__Hsmallconst                 smallconst   000000
__Hspace_0                    (abs)        008000
__Hspace_1                    (abs)        0005DF
__Hspace_2                    (abs)        000000
__Hspace_4                    (abs)        60000E
__Hstack                      stack        000000
__Hstruct                     struct       000000
__Htemp                       temp         000060
__Htext                       text         000000
__Htext0                      text0        000000
__Htext1                      text1        000000
__Htext10                     text10       000000
__Htext11                     text11       000000
__Htext12                     text12       000000
__Htext13                     text13       000000
__Htext14                     text14       000000
__Htext15                     text15       000000
__Htext16                     text16       000000
__Htext17                     text17       000000
__Htext18                     text18       000000
__Htext19                     text19       000000
__Htext2                      text2        000000
__Htext20                     text20       000000
__Htext21                     text21       000000
__Htext22                     text22       000000
__Htext23                     text23       000000
__Htext24                     text24       000000
__Htext25                     text25       000000
__Htext26                     text26       000000
__Htext27                     text27       000000
__Htext28                     text28       000000
__Htext29                     text29       000000
__Htext3                      text3        000000
__Htext30                     text30       000000
__Htext31                     text31       000000
__Htext32                     text32       000000
__Htext33                     text33       000000
__Htext34                     text34       000000
__Htext35                     text35       000000
__Htext36                     text36       000000
__Htext37                     text37       000000
__Htext38                     text38       000000
__Htext39                     text39       000000
__Htext4                      text4        000000
__Htext40                     text40       000000
__Htext41                     text41       000000
__Htext42                     text42       000000
__Htext43                     text43       000000
__Htext44                     text44       000000
__Htext45                     text45       000000
__Htext46                     text46       000000
__Htext47                     text47       000000
__Htext48                     text48       000000
__Htext49                     text49       000000
__Htext5                      text5        000000
__Htext50                     text50       000000
__Htext51                     text51       000000
__Htext52                     text52       000000
__Htext53                     text53       000000
__Htext54                     text54       000000
__Htext55                     text55       000000
__Htext56                     text56       000000
__Htext57                     text57       000000
__Htext58                     text58       000000
__Htext59                     text59       000000
__Htext6                      text6        000000
__Htext60                     text60       000000
__Htext61                     text61       000000
__Htext62                     text62       000000
__Htext63                     text63       000000
__Htext64                     text64       000000
__Htext65                     text65       000000
__Htext66                     text66       000000
__Htext67                     text67       000000
__Htext7                      text7        000000
__Htext70                     text70       000000
__Htext71                     text71       000000
__Htext72                     text72       000000
__Htext73                     text73       000000
__Htext74                     text74       000000
__Htext75                     text75       000000
__Htext76                     text76       000000
__Htext77                     text77       000000
__Htext8                      text8        000000
__Htext9                      text9        000000
__LRAM                        (abs)        000001
__L__absolute__               __absolute__ 000000
__Labs1                       abs1         000000
__Lbank0                      bank0        000000
__Lbank1                      bank1        000000
__Lbank2                      bank2        000000
__Lbank3                      bank3        000000
__Lbank4                      bank4        000000
__Lbank5                      bank5        000000
__Lbank6                      bank6        000000
__Lbank7                      bank7        000000
__Lbigbss                     bigbss       000000
__Lbigdata                    bigdata      000000
__Lbigram                     bigram       000000
__Lbigsfr                     bigsfr       000000
__Lbss                        bss          000000
__LbssBANK0                   bssBANK0     000000
__LbssBANK1                   bssBANK1     000000
__LbssCOMRAM                  bssCOMRAM    000000
__Lcinit                      cinit        000000
__Lclrtext                    clrtext      000000
__Lcomram                     comram       000000
__Lconfig                     config       000000
__Lconst                      const        000000
__LcstackBANK0                cstackBANK0  000000
__LcstackBANK1                cstackBANK1  000000
__LcstackCOMRAM               cstackCOMRAM 000000
__Ldata                       data         000000
__LdataBANK1                  dataBANK1    000000
__LdataBIGRAM                 dataBIGRAM   000000
__Leeprom_data                eeprom_data  000000
__Lfarbss                     farbss       000000
__Lfardata                    fardata      000000
__Lheap                       heap         000000
__Libigdata                   ibigdata     000000
__Lidata                      idata        000000
__LidataBANK1                 idataBANK1   000000
__LidataBIGRAM                idataBIGRAM  000000
__Lidloc                      idloc        000000
__Lifardata                   ifardata     000000
__Linit                       init         000098
__Lintcode                    intcode      000008
__Lintcode_body               intcode_body 000000
__Lintcodelo                  intcodelo    000018
__Lintentry                   intentry     000000
__Lintret                     intret       000000
__Lintsave_regs               intsave_regs 000000
__Lirdata                     irdata       000000
__Lmediumconst                mediumconst  006B48
__LnvFARRAM                   nvFARRAM     000000
__Lnvbit                      nvbit        000000
__Lnvrram                     nvrram       000000
__Lparam                      rparam       000000
__Lpowerup                    powerup      000098
__Lram                        ram          000000
__Lramtop                     ramtop       000800
__Lrbit                       rbit         000000
__Lrbss                       rbss         000000
__Lrdata                      rdata        000000
__Lreset_vec                  reset_vec    000000
__Lrparam                     rparam       000000
__Lsfr                        sfr          000000
__Lsivt_hi                    sivt_hi      000000
__Lsivt_lo                    sivt_lo      000000
__Lsmallconst                 smallconst   000000
__Lspace_0                    (abs)        000000
__Lspace_1                    (abs)        000000
__Lspace_2                    (abs)        000000
__Lspace_4                    (abs)        000000
__Lstack                      stack        000000
__Lstruct                     struct       000000
__Ltemp                       temp         00005F
__Ltext                       text         000000
__Ltext0                      text0        000000
__Ltext1                      text1        000000
__Ltext10                     text10       000000
__Ltext11                     text11       000000
__Ltext12                     text12       000000
__Ltext13                     text13       000000
__Ltext14                     text14       000000
__Ltext15                     text15       000000
__Ltext16                     text16       000000
__Ltext17                     text17       000000
__Ltext18                     text18       000000
__Ltext19                     text19       000000
__Ltext2                      text2        000000
__Ltext20                     text20       000000
__Ltext21                     text21       000000
__Ltext22                     text22       000000
__Ltext23                     text23       000000
__Ltext24                     text24       000000
__Ltext25                     text25       000000
__Ltext26                     text26       000000
__Ltext27                     text27       000000
__Ltext28                     text28       000000
__Ltext29                     text29       000000
__Ltext3                      text3        000000
__Ltext30                     text30       000000
__Ltext31                     text31       000000
__Ltext32                     text32       000000
__Ltext33                     text33       000000
__Ltext34                     text34       000000
__Ltext35                     text35       000000
__Ltext36                     text36       000000
__Ltext37                     text37       000000
__Ltext38                     text38       000000
__Ltext39                     text39       000000
__Ltext4                      text4        000000
__Ltext40                     text40       000000
__Ltext41                     text41       000000
__Ltext42                     text42       000000
__Ltext43                     text43       000000
__Ltext44                     text44       000000
__Ltext45                     text45       000000
__Ltext46                     text46       000000
__Ltext47                     text47       000000
__Ltext48                     text48       000000
__Ltext49                     text49       000000
__Ltext5                      text5        000000
__Ltext50                     text50       000000
__Ltext51                     text51       000000
__Ltext52                     text52       000000
__Ltext53                     text53       000000
__Ltext54                     text54       000000
__Ltext55                     text55       000000
__Ltext56                     text56       000000
__Ltext57                     text57       000000
__Ltext58                     text58       000000
__Ltext59                     text59       000000
__Ltext6                      text6        000000
__Ltext60                     text60       000000
__Ltext61                     text61       000000
__Ltext62                     text62       000000
__Ltext63                     text63       000000
__Ltext64                     text64       000000
__Ltext65                     text65       000000
__Ltext66                     text66       000000
__Ltext67                     text67       000000
__Ltext7                      text7        000000
__Ltext70                     text70       000000
__Ltext71                     text71       000000
__Ltext72                     text72       000000
__Ltext73                     text73       000000
__Ltext74                     text74       000000
__Ltext75                     text75       000000
__Ltext76                     text76       000000
__Ltext77                     text77       000000
__Ltext8                      text8        000000
__Ltext9                      text9        000000
__S0                          (abs)        008000
__S1                          (abs)        0005DF
__S4                          (abs)        000000
__S5                          (abs)        000000
___awdiv                      text41       003F2E
___awdiv@counter              cstackBANK0  000067
___awdiv@dividend             cstackBANK0  000063
___awdiv@divisor              cstackBANK0  000065
___awdiv@quotient             cstackBANK0  000069
___awdiv@sign                 cstackBANK0  000068
___fladd                      text21       000B02
___fladd@a                    cstackBANK0  000067
___fladd@aexp                 cstackBANK0  000070
___fladd@b                    cstackBANK0  000063
___fladd@bexp                 cstackBANK0  000071
___fladd@grs                  cstackBANK0  000072
___fladd@signs                cstackBANK0  00006F
___fldiv                      text62       00208E
___fldiv@a                    cstackBANK0  000083
___fldiv@aexp                 cstackBANK0  000097
___fldiv@b                    cstackBANK0  00007F
___fldiv@bexp                 cstackBANK0  000096
___fldiv@grs                  cstackBANK0  000092
___fldiv@new_exp              cstackBANK0  000090
___fldiv@rem                  cstackBANK0  00008B
___fldiv@sign                 cstackBANK0  00008F
___fleq                       text25       004162
___fleq@ff1                   cstackBANK0  000063
___fleq@ff2                   cstackBANK0  000067
___flge                       text24       003B60
___flge@ff1                   cstackBANK0  00007C
___flge@ff2                   cstackBANK0  000080
___flmul                      text23       001866
___flmul@a                    cstackBANK0  000067
___flmul@aexp                 cstackBANK0  000074
___flmul@b                    cstackBANK0  000063
___flmul@bexp                 cstackBANK0  000075
___flmul@grs                  cstackBANK0  000070
___flmul@prod                 cstackBANK0  000076
___flmul@sign                 cstackBANK0  00006F
___flmul@temp                 cstackBANK0  00007A
___flneg                      text22       004B50
___flneg@f1                   cstackBANK0  000063
___flsub                      text20       004A46
___flsub@a                    cstackBANK0  000080
___flsub@b                    cstackBANK0  00007C
___fltol                      text19       003A58
___fltol@exp1                 cstackBANK0  00006C
___fltol@f1                   cstackBANK0  000063
___fltol@sign1                cstackBANK0  00006B
___fpclassifyf                text18       003C66
___fpclassifyf@F465           bssBANK1     000113
___fpclassifyf@e              cstackBANK0  00006B
___fpclassifyf@u              cstackBANK0  00006D
___fpclassifyf@x              cstackBANK0  000063
___heap_hi                    (abs)        000000
___heap_lo                    (abs)        000000
___inthi_sp                   stack        000000
___inthi_stack_hi             stack        000000
___inthi_stack_lo             stack        000000
___intlo_sp                   stack        000000
___intlo_stack_hi             stack        000000
___intlo_stack_lo             stack        000000
___lwdiv                      text6        00446A
___lwdiv@counter              cstackBANK0  000069
___lwdiv@dividend             cstackBANK0  000063
___lwdiv@divisor              cstackBANK0  000065
___lwdiv@quotient             cstackBANK0  000067
___lwmod                      text5        00469E
___lwmod@counter              cstackBANK0  000067
___lwmod@dividend             cstackBANK0  000063
___lwmod@divisor              cstackBANK0  000065
___param_bank                 (abs)        000000
___rparam_used                (abs)        000001
___sp                         stack        000000
___stack_hi                   stack        000000
___stack_lo                   stack        000000
___wmul                       text67       004D0A
___wmul@multiplicand          cstackBANK0  000065
___wmul@multiplier            cstackBANK0  000063
___wmul@product               cstackBANK0  000067
___xxtofl                     text61       003168
___xxtofl@arg                 cstackBANK0  00007B
___xxtofl@exp                 cstackBANK0  00007A
___xxtofl@sign                cstackBANK0  000079
___xxtofl@val                 cstackBANK0  000071
__accesstop                   (abs)        000060
__activetblptr                (abs)        000002
__end_of_DHT11_Join_Data      text66       00469E
__end_of_DHT11_Read_Byte      text65       00434A
__end_of_DHT11_Read_Data      text60       0037DA
__end_of_DHT11_Response       text64       004C8C
__end_of_DHT11_Start          text63       004D0A
__end_of_DS3231_Bcd_Bin       text59       004D80
__end_of_DS3231_Bin_Bcd       text49       004C60
__end_of_DS3231_Get_Date      text51       00481A
__end_of_DS3231_Get_Time      text50       004B16
__end_of_DS3231_Read          text52       004C30
__end_of_DS3231_Set_Date_Time text48       004556
__end_of_FONTE_DATA           mediumconst  007D59
__end_of_FONT_1               mediumconst  007F9E
__end_of_FONT_2               mediumconst  007D21
__end_of_FONT_3               mediumconst  00772D
__end_of_High_ISR             intcodelo    000098
__end_of_I2C_Init_Master      text47       004AD2
__end_of_I2C_Nack             text58       004EC4
__end_of_I2C_Read             text57       004EAE
__end_of_I2C_Restart          text56       004F00
__end_of_I2C_Start            text55       004EEC
__end_of_I2C_Stop             text54       004ED8
__end_of_I2C_Write            text53       004E7E
__end_of_Low_ISR              intcode_body 004962
__end_of_OLED_ClearDisplay    text45       004E08
__end_of_OLED_DrawPixel       text38       003168
__end_of_OLED_Init            text42       0040B2
__end_of_OLED_Line            text36       002D94
__end_of_OLED_SetFont         text35       004634
__end_of_OLED_Update          text43       0043DA
__end_of_OLED_Write           text34       001866
__end_of_OLED_Write_Text      text32       003E62
__end_of_Servo_1_Write        text31       004CE2
__end_of_Servo_Init           text30       004E98
__end_of___awdiv              text41       003FF2
__end_of___fladd              text21       000FBA
__end_of___fldiv              text62       002420
__end_of___fleq               text25       00420E
__end_of___flge               text24       003C66
__end_of___flmul              text23       001C8E
__end_of___flneg              text22       004B8A
__end_of___flsub              text20       004A8E
__end_of___fltol              text19       003B60
__end_of___fpclassifyf        text18       003D66
__end_of___lwdiv              text6        0044E0
__end_of___lwmod              text5        004704
__end_of___wmul               text67       004D32
__end_of___xxtofl             text61       003320
__end_of__initialization      cinit        0045BA
__end_of_abs                  text37       004BFA
__end_of_acionaCooler         text29       004DE8
__end_of_acionaLamp           text28       004E62
__end_of_desligaCooler        text27       004E44
__end_of_desligaLamp          text26       004E26
__end_of_efgtoa               text9        000B02
__end_of_floorf               text17       002FAA
__end_of_fputc                text13       003F2E
__end_of_fputs                text12       004A46
__end_of_height               text40       004F08
__end_of_labs                 text16       0047C2
__end_of_main                 text0        002ACE
__end_of_memcpy               text15       0048BE
__end_of_memset               text46       004BC4
__end_of_pad                  text11       0042B2
__end_of_putch                text14       004F0A
__end_of_read_prec_or_width   text8        004162
__end_of_sprintf              text1        00486C
__end_of_ssd1306_command      text44       004DC8
__end_of_stoa                 text7        00367C
__end_of_strcpy               text10       004B50
__end_of_strlen               text33       004910
__end_of_utoa                 text4        003A58
__end_of_vfpfcnvrt            text3        001422
__end_of_vfprintf             text2        0049B0
__end_of_width                text39       004F04
__end_ofi2_DHT11_Join_Data    text76       00476A
__end_ofi2_DHT11_Read_Byte    text75       00446A
__end_ofi2_DHT11_Read_Data    text70       00392C
__end_ofi2_DHT11_Response     text74       004CB8
__end_ofi2_DHT11_Start        text73       004D5A
__end_ofi2___fldiv            text72       0027B0
__end_ofi2___wmul             text77       004DA6
__end_ofi2___xxtofl           text71       0034D4
__initialization              cinit        004556
__mediumconst                 mediumconst  006B48
__pbssBANK0                   bssBANK0     0000FA
__pbssBANK1                   bssBANK1     000100
__pbssCOMRAM                  bssCOMRAM    00004A
__pcinit                      cinit        004556
__pcstackBANK0                cstackBANK0  000060
__pcstackBANK1                cstackBANK1  0001C8
__pcstackCOMRAM               cstackCOMRAM 000001
__pdataBANK1                  dataBANK1    00017B
__pdataBIGRAM                 dataBIGRAM   0001DF
__pidataBANK1                 idataBANK1   0049B0
__pidataBIGRAM                idataBIGRAM  001C8E
__pintcode                    intcode      000008
__pintcode_body               intcode_body 004910
__pintcodelo                  intcodelo    000018
__pmediumconst                mediumconst  006B48
__ptext0                      text0        0027B0
__ptext1                      text1        00481A
__ptext10                     text10       004B16
__ptext11                     text11       00420E
__ptext12                     text12       0049FE
__ptext13                     text13       003E62
__ptext14                     text14       004F08
__ptext15                     text15       00486C
__ptext16                     text16       00476A
__ptext17                     text17       002D94
__ptext18                     text18       003C66
__ptext19                     text19       003A58
__ptext2                      text2        004962
__ptext20                     text20       004A46
__ptext21                     text21       000B02
__ptext22                     text22       004B50
__ptext23                     text23       001866
__ptext24                     text24       003B60
__ptext25                     text25       004162
__ptext26                     text26       004E08
__ptext27                     text27       004E26
__ptext28                     text28       004E44
__ptext29                     text29       004DC8
__ptext3                      text3        000FBA
__ptext30                     text30       004E7E
__ptext31                     text31       004CB8
__ptext32                     text32       003D66
__ptext33                     text33       0048BE
__ptext34                     text34       001422
__ptext35                     text35       0045C8
__ptext36                     text36       002ACE
__ptext37                     text37       004BC4
__ptext38                     text38       002FAA
__ptext39                     text39       004F00
__ptext4                      text4        00392C
__ptext40                     text40       004F04
__ptext41                     text41       003F2E
__ptext42                     text42       003FF2
__ptext43                     text43       00434A
__ptext44                     text44       004DA6
__ptext45                     text45       004DE8
__ptext46                     text46       004B8A
__ptext47                     text47       004A8E
__ptext48                     text48       0044E0
__ptext49                     text49       004C30
__ptext5                      text5        00469E
__ptext50                     text50       004AD2
__ptext51                     text51       0047C2
__ptext52                     text52       004BFA
__ptext53                     text53       004E62
__ptext54                     text54       004EC4
__ptext55                     text55       004ED8
__ptext56                     text56       004EEC
__ptext57                     text57       004E98
__ptext58                     text58       004EAE
__ptext59                     text59       004D5A
__ptext6                      text6        00446A
__ptext60                     text60       00367C
__ptext61                     text61       003168
__ptext62                     text62       00208E
__ptext63                     text63       004CE2
__ptext64                     text64       004C60
__ptext65                     text65       0042B2
__ptext66                     text66       004634
__ptext67                     text67       004D0A
__ptext7                      text7        0034D4
__ptext70                     text70       0037DA
__ptext71                     text71       003320
__ptext72                     text72       002420
__ptext73                     text73       004D32
__ptext74                     text74       004C8C
__ptext75                     text75       0043DA
__ptext76                     text76       004704
__ptext77                     text77       004D80
__ptext8                      text8        0040B2
__ptext9                      text9        00009C
__ramtop                      ramtop       000800
__smallconst                  smallconst   000000
_abs                          text37       004BC4
_acionaCooler                 text29       004DC8
_acionaLamp                   text28       004E44
_buffer                       bssBANK1     000167
_buffer@ssd1306_oled$F944     dataBIGRAM   0001DF
_cfont                        bssBANK1     000108
_cont_sr                      bssCOMRAM    00004E
_data_s                       bssBANK1     000100
_day                          bssCOMRAM    00005E
_dbuf                         bssBANK1     000117
_desligaCooler                text27       004E26
_desligaLamp                  text26       004E08
_dht_ok                       bssCOMRAM    00004C
_dow                          bssCOMRAM    00005B
_dw                           dataBANK1    00017B
_efgtoa                       text9        00009C
_efgtoa$1717                  cstackBANK0  0000BB
_flags                        bssBANK0     0000FC
_floorf                       text17       002D94
_fputc                        text13       003E62
_fputs                        text12       0049FE
_height                       text40       004F04
_hr                           bssCOMRAM    00005A
_humedad                      bssCOMRAM    000050
_labs                         text16       00476A
_main                         text0        0027B0
_memcpy                       text15       00486C
_memset                       text46       004B8A
_min                          bssCOMRAM    000059
_mth                          bssCOMRAM    00005D
_pad                          text11       00420E
_prec                         bssBANK0     0000FA
_putch                        text14       004F08
_read_prec_or_width           text8        0040B2
_sec                          bssCOMRAM    000058
_sprintf                      text1        00481A
_ssd1306_command              text44       004DA6
_stoa                         text7        0034D4
_strcpy                       text10       004B16
_strlen                       text33       0048BE
_temperatura                  bssCOMRAM    000054
_utoa                         text4        00392C
_vfpfcnvrt                    text3        000FBA
_vfprintf                     text2        004962
_width                        text39       004F00
_width@doprnt$F1680           bssCOMRAM    00004A
_year                         bssCOMRAM    00005C
abs@a                         cstackBANK0  000063
btemp                         temp         00005F
efgtoa@c                      cstackBANK0  0000B2
efgtoa@d                      cstackBANK0  0000C0
efgtoa@e                      cstackBANK0  0000C4
efgtoa@f                      cstackBANK0  0000AE
efgtoa@fp                     cstackBANK0  0000AC
efgtoa@g                      cstackBANK0  0000D7
efgtoa@h                      cstackBANK0  0000CC
efgtoa@i                      cstackBANK0  0000D4
efgtoa@l                      cstackBANK0  0000D0
efgtoa@m                      cstackBANK0  0000C2
efgtoa@mode                   cstackBANK0  0000BE
efgtoa@n                      cstackBANK0  0000DB
efgtoa@ne                     cstackBANK0  0000B5
efgtoa@nmode                  cstackBANK0  0000BF
efgtoa@ou                     cstackBANK0  0000C8
efgtoa@p                      cstackBANK0  0000B7
efgtoa@pp                     cstackBANK0  0000BD
efgtoa@sign                   cstackBANK0  0000D6
efgtoa@t                      cstackBANK0  0000B9
efgtoa@u                      cstackBANK0  0000DD
efgtoa@w                      cstackBANK0  0000C6
end_of_initialization         cinit        0045BA
floorf@F521                   bssBANK1     00010F
floorf@e                      cstackBANK0  0000A6
floorf@m                      cstackBANK0  0000A2
floorf@u                      cstackBANK0  0000A8
floorf@x                      cstackBANK0  000098
fputc@c                       cstackBANK0  000063
fputc@fp                      cstackBANK0  000065
fputs@c                       cstackBANK0  000070
fputs@fp                      cstackBANK0  00006E
fputs@i                       cstackBANK0  000071
fputs@s                       cstackBANK0  00006C
i2DHT11_Join_Data@h           cstackCOMRAM 000007
i2DHT11_Join_Data@l           cstackCOMRAM 000009
i2DHT11_Join_Data@pow         cstackCOMRAM 00000D
i2DHT11_Read_Byte@data        cstackCOMRAM 000007
i2DHT11_Read_Byte@i           cstackCOMRAM 000005
i2DHT11_Read_Data@hum         cstackCOMRAM 000037
i2DHT11_Read_Data@info        cstackCOMRAM 00003C
i2DHT11_Read_Data@tem         cstackCOMRAM 000036
i2DHT11_Read_Data@temp        cstackCOMRAM 00003A
i2_DHT11_Join_Data            text76       004704
i2_DHT11_Read_Byte            text75       0043DA
i2_DHT11_Read_Data            text70       0037DA
i2_DHT11_Response             text74       004C8C
i2_DHT11_Start                text73       004D32
i2___fldiv                    text72       002420
i2___fldiv@a                  cstackCOMRAM 000021
i2___fldiv@aexp               cstackCOMRAM 000035
i2___fldiv@b                  cstackCOMRAM 00001D
i2___fldiv@bexp               cstackCOMRAM 000034
i2___fldiv@grs                cstackCOMRAM 000030
i2___fldiv@new_exp            cstackCOMRAM 00002E
i2___fldiv@rem                cstackCOMRAM 000029
i2___fldiv@sign               cstackCOMRAM 00002D
i2___wmul                     text77       004D80
i2___wmul@multiplicand        cstackCOMRAM 000003
i2___wmul@multiplier          cstackCOMRAM 000001
i2___wmul@product             cstackCOMRAM 000005
i2___xxtofl                   text71       003320
i2___xxtofl@arg               cstackCOMRAM 000019
i2___xxtofl@exp               cstackCOMRAM 000018
i2___xxtofl@sign              cstackCOMRAM 000017
i2___xxtofl@val               cstackCOMRAM 00000F
int$flags                     temp         00005F
int_func                      intcode_body 004910
intlevel0                     text         000000
intlevel1                     text         000000
intlevel2                     text         000000
intlevel3                     text         000000
isa$std                       (abs)        000001
isa$xinst                     (abs)        000000
labs@a                        cstackBANK0  000063
memcpy@d                      cstackBANK0  000069
memcpy@d1                     cstackBANK0  000063
memcpy@n                      cstackBANK0  000067
memcpy@s                      cstackBANK0  00006B
memcpy@s1                     cstackBANK0  000065
memcpy@tmp                    cstackBANK0  00006D
memset@c                      cstackBANK0  000065
memset@dest                   cstackBANK0  000063
memset@n                      cstackBANK0  000067
memset@p                      cstackBANK0  000069
pad@buf                       cstackBANK0  000075
pad@fp                        cstackBANK0  000073
pad@i                         cstackBANK0  00007A
pad@p                         cstackBANK0  000077
read_prec_or_width@ap         cstackBANK0  000064
read_prec_or_width@c          cstackBANK0  000068
read_prec_or_width@fmt        cstackBANK0  000063
read_prec_or_width@n          cstackBANK0  000069
sprintf@ap                    cstackBANK1  0001D2
sprintf@f                     cstackBANK1  0001D4
sprintf@fmt                   cstackBANK1  0001CA
sprintf@s                     cstackBANK1  0001C8
ssd1306_command@command       cstackBANK0  000064
stackhi                       (abs)        000000
stacklo                       (abs)        000000
start                         init         000098
start_initialization          cinit        004556
stoa@cp                       cstackBANK0  000076
stoa@fp                       cstackBANK0  00006C
stoa@l                        cstackBANK0  000078
stoa@p                        cstackBANK0  000072
stoa@s                        cstackBANK0  00006E
stoa@w                        cstackBANK0  000074
strcpy@d                      cstackBANK0  000067
strcpy@dest                   cstackBANK0  000063
strcpy@src                    cstackBANK0  000065
strlen@a                      cstackBANK0  000065
strlen@s                      cstackBANK0  000063
ttemp5                        temp         000060
ttemp6                        temp         000063
ttemp7                        temp         000067
utoa@d                        cstackBANK0  00007E
utoa@fp                       cstackBANK0  00007C
utoa@i                        cstackBANK0  000084
utoa@p                        cstackBANK0  000080
utoa@w                        cstackBANK0  000082
vfpfcnvrt@ap                  cstackBANK0  0000E4
vfpfcnvrt@c                   cstackBANK0  0000EC
vfpfcnvrt@convarg             cstackBANK0  0000E8
vfpfcnvrt@cp                  cstackBANK0  0000EE
vfpfcnvrt@done                cstackBANK0  0000ED
vfpfcnvrt@fmt                 cstackBANK0  0000E3
vfpfcnvrt@fp                  cstackBANK0  0000E1
vfprintf@ap                   cstackBANK0  0000F4
vfprintf@cfmt                 cstackBANK0  0000F6
vfprintf@fmt                  cstackBANK0  0000F2
vfprintf@fp                   cstackBANK0  0000F0
wtemp8                        temp         000060


MODULE INFORMATION

Module		Function		Class		Link	Load	Size
C:\Program Files\Microchip\xc8\v2.50\pic\sources\c99\common\memcpy.c
		_memcpy        		CODE           	486C	0000	82

C:\Program Files\Microchip\xc8\v2.50\pic\sources\c99\common\memcpy.c estimated size: 82

C:\Program Files\Microchip\xc8\v2.50\pic\sources\c99\common\flneg.c
		___flneg       		CODE           	4B50	0000	58

C:\Program Files\Microchip\xc8\v2.50\pic\sources\c99\common\flneg.c estimated size: 58

C:\Program Files\Microchip\xc8\v2.50\pic\sources\c99\common\Umul16.c
		___wmul        		CODE           	4D0A	0000	40

C:\Program Files\Microchip\xc8\v2.50\pic\sources\c99\common\Umul16.c estimated size: 40

ssd1306_oled.c
		_OLED_Update   		CODE           	434A	0000	144
		_OLED_Write    		CODE           	1422	0000	1092
		_OLED_Line     		CODE           	2ACE	0000	710
		_ssd1306_command		CODE           	4DA6	0000	34
		_OLED_ClearDisplay		CODE           	4DE8	0000	32
		_OLED_Init     		CODE           	3FF2	0000	192
		_height        		CODE           	4F04	0000	4
		_OLED_Write_Text		CODE           	3D66	0000	252
		_width         		CODE           	4F00	0000	4
		_OLED_DrawPixel		CODE           	2FAA	0000	446
		_OLED_SetFont  		CODE           	45C8	0000	108

ssd1306_oled.c estimated size: 3018

C:\Program Files\Microchip\xc8\v2.50\pic\sources\c99\common\nf_fputs.c
		_fputs         		CODE           	49FE	0000	72

C:\Program Files\Microchip\xc8\v2.50\pic\sources\c99\common\nf_fputs.c estimated size: 72

./lamp.h
		_desligaLamp   		CODE           	4E08	0000	30
		_acionaLamp    		CODE           	4E44	0000	30

./lamp.h estimated size: 60

C:\Program Files\Microchip\xc8\v2.50\pic\sources\c99\common\sprcmul.c
		___flmul       		CODE           	1866	0000	1064

C:\Program Files\Microchip\xc8\v2.50\pic\sources\c99\common\sprcmul.c estimated size: 1064

./ds3231.h
		_DS3231_Read   		CODE           	4BFA	0000	54
		_DS3231_Bin_Bcd		CODE           	4C30	0000	48
		_DS3231_Bcd_Bin		CODE           	4D5A	0000	38
		_DS3231_Get_Date		CODE           	47C2	0000	88
		_DS3231_Get_Time		CODE           	4AD2	0000	68
		_DS3231_Set_Date_Time		CODE           	44E0	0000	118

./ds3231.h estimated size: 414

C:\Program Files\Microchip\xc8\v2.50\pic\sources\c99\common\sprcdiv.c
		___fldiv       		CODE           	208E	0000	914

C:\Program Files\Microchip\xc8\v2.50\pic\sources\c99\common\sprcdiv.c estimated size: 914

i2c.c
		_I2C_Init_Master		CODE           	4A8E	0000	68
		_I2C_Write     		CODE           	4E62	0000	28
		_I2C_Stop      		CODE           	4EC4	0000	20
		_I2C_Read      		CODE           	4E98	0000	22
		_I2C_Nack      		CODE           	4EAE	0000	22
		_I2C_Start     		CODE           	4ED8	0000	20
		_I2C_Restart   		CODE           	4EEC	0000	20

i2c.c estimated size: 200

C:\Program Files\Microchip\xc8\v2.50\pic\sources\c99\common\lwmod.c
		___lwmod       		CODE           	469E	0000	102

C:\Program Files\Microchip\xc8\v2.50\pic\sources\c99\common\lwmod.c estimated size: 102

C:\Program Files\Microchip\xc8\v2.50\pic\sources\c99\common\floorf.c
		_floorf        		CODE           	2D94	0000	534

C:\Program Files\Microchip\xc8\v2.50\pic\sources\c99\common\floorf.c estimated size: 534

C:\Program Files\Microchip\xc8\v2.50\pic\sources\c99\common\putch.c
		_putch         		CODE           	4F08	0000	2

C:\Program Files\Microchip\xc8\v2.50\pic\sources\c99\common\putch.c estimated size: 2

C:\Program Files\Microchip\xc8\v2.50\pic\sources\c99\common\abs.c
		_abs           		CODE           	4BC4	0000	54

C:\Program Files\Microchip\xc8\v2.50\pic\sources\c99\common\abs.c estimated size: 54

C:\Program Files\Microchip\xc8\v2.50\pic\sources\c99\common\fleq.c
		___fleq        		CODE           	4162	0000	172

C:\Program Files\Microchip\xc8\v2.50\pic\sources\c99\common\fleq.c estimated size: 172

./dht11.h
		_DHT11_Read_Data		CODE           	367C	0000	350
		_DHT11_Read_Byte		CODE           	42B2	0000	152
		_DHT11_Start   		CODE           	4CE2	0000	40
		_DHT11_Join_Data		CODE           	4634	0000	106
		_DHT11_Response		CODE           	4C60	0000	44

./dht11.h estimated size: 692

C:\Program Files\Microchip\xc8\v2.50\pic\sources\c99\common\xxtofl.c
		___xxtofl      		CODE           	3168	0000	440

C:\Program Files\Microchip\xc8\v2.50\pic\sources\c99\common\xxtofl.c estimated size: 440

C:\Program Files\Microchip\xc8\v2.50\pic\sources\c99\common\__fpclassifyf.c
		___fpclassifyf 		CODE           	3C66	0000	256

C:\Program Files\Microchip\xc8\v2.50\pic\sources\c99\common\__fpclassifyf.c estimated size: 256

C:\Program Files\Microchip\xc8\v2.50\pic\sources\c99\common\strlen.c
		_strlen        		CODE           	48BE	0000	82

C:\Program Files\Microchip\xc8\v2.50\pic\sources\c99\common\strlen.c estimated size: 82

./servo.h
		_High_ISR      		CODE           	0018	0000	128
		_Servo_Init    		CODE           	4E7E	0000	26
		_Servo_1_Write 		CODE           	4CB8	0000	42

./servo.h estimated size: 196

C:\Program Files\Microchip\xc8\v2.50\pic\sources\c99\common\strcpy.c
		_strcpy        		CODE           	4B16	0000	58

C:\Program Files\Microchip\xc8\v2.50\pic\sources\c99\common\strcpy.c estimated size: 58

C:\Program Files\Microchip\xc8\v2.50\pic\sources\c99\common\sprcadd.c
		___flsub       		CODE           	4A46	0000	72
		___fladd       		CODE           	0B02	0000	1208

C:\Program Files\Microchip\xc8\v2.50\pic\sources\c99\common\sprcadd.c estimated size: 1280

C:\Program Files\Microchip\xc8\v2.50\pic\sources\c99\common\nf_sprintf.c
		_sprintf       		CODE           	481A	0000	82

C:\Program Files\Microchip\xc8\v2.50\pic\sources\c99\common\nf_sprintf.c estimated size: 82

C:\Program Files\Microchip\xc8\v2.50\pic\sources\c99\common\memset.c
		_memset        		CODE           	4B8A	0000	58

C:\Program Files\Microchip\xc8\v2.50\pic\sources\c99\common\memset.c estimated size: 58

C:\Program Files\Microchip\xc8\v2.50\pic\sources\c99\common\nf_fputc.c
		_fputc         		CODE           	3E62	0000	204

C:\Program Files\Microchip\xc8\v2.50\pic\sources\c99\common\nf_fputc.c estimated size: 204

shared
		i2_DHT11_Read_Byte		CODE           	43DA	0000	144
		_FONT_1        		MEDIUMCONST    	7D59	0000	581
		i2___wmul      		CODE           	4D80	0000	38
		_FONTE_DATA    		MEDIUMCONST    	7D21	0000	56
		i2___fldiv     		CODE           	2420	0000	912
		__initialization		CODE           	4556	0000	100
		_FONT_2        		MEDIUMCONST    	772D	0000	1524
		i2___xxtofl    		CODE           	3320	0000	436
		i2_DHT11_Response		CODE           	4C8C	0000	44
		i2_DHT11_Read_Data		CODE           	37DA	0000	338
		i2_DHT11_Start 		CODE           	4D32	0000	40
		_FONT_3        		MEDIUMCONST    	6B49	0000	3044
		i2_DHT11_Join_Data		CODE           	4704	0000	102

shared estimated size: 7359

C:\Program Files\Microchip\xc8\v2.50\pic\sources\c99\common\lwdiv.c
		___lwdiv       		CODE           	446A	0000	118

C:\Program Files\Microchip\xc8\v2.50\pic\sources\c99\common\lwdiv.c estimated size: 118

C:\Program Files\Microchip\xc8\v2.50\pic\sources\c99\common\awdiv.c
		___awdiv       		CODE           	3F2E	0000	196

C:\Program Files\Microchip\xc8\v2.50\pic\sources\c99\common\awdiv.c estimated size: 196

C:\Program Files\Microchip\xc8\v2.50\pic\sources\c99\common\fltol.c
		___fltol       		CODE           	3A58	0000	264

C:\Program Files\Microchip\xc8\v2.50\pic\sources\c99\common\fltol.c estimated size: 264

./cooler.h
		_acionaCooler  		CODE           	4DC8	0000	32
		_desligaCooler 		CODE           	4E26	0000	30

./cooler.h estimated size: 62

C:\Program Files\Microchip\xc8\v2.50\pic\sources\c99\common\doprnt.c
		_read_prec_or_width		CODE           	40B2	0000	176
		_vfpfcnvrt     		CODE           	0FBA	0000	1128
		_efgtoa        		CODE           	009C	0000	2662
		_pad           		CODE           	420E	0000	164
		_vfprintf      		CODE           	4962	0000	78
		_stoa          		CODE           	34D4	0000	424
		_utoa          		CODE           	392C	0000	300

C:\Program Files\Microchip\xc8\v2.50\pic\sources\c99\common\doprnt.c estimated size: 4932

C:\Program Files\Microchip\xc8\v2.50\pic\sources\c99\common\labs.c
		_labs          		CODE           	476A	0000	88

C:\Program Files\Microchip\xc8\v2.50\pic\sources\c99\common\labs.c estimated size: 88

main.c
		_Low_ISR       		CODE           	0008	0000	88
		_main          		CODE           	27B0	0000	798

main.c estimated size: 886

C:\Program Files\Microchip\xc8\v2.50\pic\sources\c99\common\flge.c
		___flge        		CODE           	3B60	0000	262

C:\Program Files\Microchip\xc8\v2.50\pic\sources\c99\common\flge.c estimated size: 262

